2026-04-11 07:24:22 | INFO     | ================================================================================
2026-04-11 07:24:22 | INFO     | WEIBO ENGAGEMENT PREDICTION PIPELINE v3
2026-04-11 07:24:22 | INFO     | ================================================================================
2026-04-11 07:24:22 | INFO     | [load_data] STARTING ... (Memory: 227.7 MB)
2026-04-11 07:24:22 | INFO     | Loading training data from weibo_train_data.txt
2026-04-11 07:24:25 | INFO     |   Training data: 90,211 rows × 7 columns
2026-04-11 07:24:25 | INFO     |   Prediction data: 116,283 rows × 4 columns
2026-04-11 07:24:25 | INFO     | [load_data] ✓ DONE Time: 2.69s (Memory: 317.9 MB)
2026-04-11 07:24:25 | INFO     | 
Initializing SocialNetworkEngagementPredictor...
2026-04-11 07:24:25 | INFO     | [prepare_features] STARTING ... (Memory: 317.9 MB)
2026-04-11 07:24:25 | INFO     | [prepare_features] STARTING ... (Memory: 317.9 MB)
2026-04-11 07:24:25 | INFO     | Processing training data: 90,211 rows
2026-04-11 07:24:25 | INFO     | [extract_temporal_features] STARTING ... (Memory: 317.9 MB)
2026-04-11 07:24:25 | INFO     |   Temporal features shape: (90211, 8)
2026-04-11 07:24:25 | INFO     | [extract_temporal_features] ✓ DONE Time: 0.04s (Memory: 321.5 MB)
2026-04-11 07:24:25 | INFO     | [extract_content_features] STARTING ... (Memory: 321.5 MB)
2026-04-11 07:24:26 | INFO     |   Fitting TF-IDF vectorizer on 90,211 texts...
2026-04-11 07:24:29 | INFO     |   TF-IDF matrix shape: (90211, 1000)
2026-04-11 07:24:32 | INFO     |   Content features shape: (90211, 1008)
2026-04-11 07:24:32 | INFO     | [extract_content_features] ✓ DONE Time: 6.44s (Memory: 1684.8 MB)
2026-04-11 07:24:32 | INFO     | Merging training features...
2026-04-11 07:24:33 | INFO     | Training features shape: (90211, 1023)
2026-04-11 07:24:33 | INFO     | Processing prediction data: 116,283 rows
2026-04-11 07:24:33 | INFO     | [extract_temporal_features] STARTING ... (Memory: 1756.4 MB)
2026-04-11 07:24:33 | INFO     |   Temporal features shape: (116283, 8)
2026-04-11 07:24:33 | INFO     | [extract_temporal_features] ✓ DONE Time: 0.03s (Memory: 1756.4 MB)
2026-04-11 07:24:33 | INFO     | [extract_content_features] STARTING ... (Memory: 1756.4 MB)
2026-04-11 07:24:34 | INFO     |   Transforming 116,283 texts with pre-fit vectorizer...
2026-04-11 07:24:36 | INFO     |   TF-IDF matrix shape: (116283, 1000)
2026-04-11 07:24:42 | INFO     |   Content features shape: (116283, 1008)
2026-04-11 07:24:42 | INFO     | [extract_content_features] ✓ DONE Time: 9.51s (Memory: 3529.8 MB)
2026-04-11 07:24:44 | INFO     | Prediction features shape: (116283, 1020)
2026-04-11 07:24:44 | INFO     | [prepare_features] ✓ DONE Time: 18.75s (Memory: 3630.8 MB)
2026-04-11 07:24:44 | INFO     |   Train features: (90211, 1023)
2026-04-11 07:24:44 | INFO     |   Pred features: (116283, 1020)
2026-04-11 07:24:44 | INFO     | [prepare_features] ✓ DONE Time: 18.76s (Memory: 2055.3 MB)
2026-04-11 07:24:44 | INFO     | 
================================================================================
2026-04-11 07:24:44 | INFO     | TRAINING MODELS
2026-04-11 07:24:44 | INFO     | ================================================================================
2026-04-11 07:24:44 | INFO     | [train_models] STARTING ... (Memory: 2055.3 MB)
2026-04-11 07:24:44 | INFO     | [train_models] STARTING ... (Memory: 2055.3 MB)
2026-04-11 07:24:45 | INFO     | Temporal split (row order): train=72,168 samples, val=18,043 samples
2026-04-11 07:24:45 | INFO     | Training on 1016 features
2026-04-11 07:24:45 | INFO     | Training model for forward_count
2026-04-11 07:24:45 | INFO     |   Target stats: mean=1.94, std=9.75, min=0.00, max=100.00
2026-04-11 07:24:45 | INFO     |   Training with early stopping (max 200 rounds)...
2026-04-11 07:24:58 | INFO     |   ✓ Model metrics - Train RMSE: 9.8468, Val RMSE: 9.6602
2026-04-11 07:24:58 | INFO     |     Train MAE: 1.9081, Val MAE: 1.9054
2026-04-11 07:24:58 | INFO     |     Train R²: -0.0107, Val R²: -0.0212
2026-04-11 07:24:58 | INFO     | Training model for comment_count
2026-04-11 07:24:58 | INFO     |   Target stats: mean=1.05, std=4.97, min=0.00, max=100.00
2026-04-11 07:24:58 | INFO     |   Training with early stopping (max 200 rounds)...
2026-04-11 07:25:05 | INFO     |   ✓ Model metrics - Train RMSE: 5.1568, Val RMSE: 4.6793
2026-04-11 07:25:05 | INFO     |     Train MAE: 1.0546, Val MAE: 1.0080
2026-04-11 07:25:05 | INFO     |     Train R²: -0.0387, Val R²: -0.0439
2026-04-11 07:25:05 | INFO     | Training model for like_count
2026-04-11 07:25:05 | INFO     |   Target stats: mean=1.43, std=6.88, min=0.00, max=100.00
2026-04-11 07:25:06 | INFO     |   Training with early stopping (max 200 rounds)...
2026-04-11 07:25:18 | INFO     |   ✓ Model metrics - Train RMSE: 7.0287, Val RMSE: 6.7172
2026-04-11 07:25:18 | INFO     |     Train MAE: 1.4173, Val MAE: 1.3744
2026-04-11 07:25:18 | INFO     |     Train R²: -0.0232, Val R²: -0.0319
2026-04-11 07:25:18 | INFO     | ✓ All models trained successfully!
2026-04-11 07:25:18 | INFO     | [train_models] ✓ DONE Time: 34.36s (Memory: 2703.9 MB)
2026-04-11 07:25:18 | INFO     | [train_models] ✓ DONE Time: 34.37s (Memory: 2004.6 MB)
2026-04-11 07:25:18 | INFO     | 
================================================================================
2026-04-11 07:25:18 | INFO     | GENERATING PREDICTIONS
2026-04-11 07:25:18 | INFO     | ================================================================================
2026-04-11 07:25:18 | INFO     | [predict] STARTING ... (Memory: 2004.6 MB)
2026-04-11 07:25:18 | INFO     | [predict] STARTING ... (Memory: 2004.6 MB)
2026-04-11 07:25:18 | INFO     | Making predictions for 116,283 samples
2026-04-11 07:25:19 | INFO     | Predicting engagement metrics...
2026-04-11 07:25:25 | INFO     | ✓ Predictions completed. Shape: (116283, 5)
2026-04-11 07:25:25 | INFO     |   forward_count: mean=0.08, max=71
2026-04-11 07:25:25 | INFO     |   comment_count: mean=0.02, max=5
2026-04-11 07:25:25 | INFO     |   like_count: mean=0.07, max=34
2026-04-11 07:25:25 | INFO     | [predict] ✓ DONE Time: 6.87s (Memory: 2468.6 MB)
2026-04-11 07:25:25 | INFO     | ✓ Generated 116,283 predictions
2026-04-11 07:25:25 | INFO     | [predict] ✓ DONE Time: 6.87s (Memory: 2017.9 MB)
2026-04-11 07:25:25 | INFO     | 
================================================================================
2026-04-11 07:25:25 | INFO     | SAVING RESULTS
2026-04-11 07:25:25 | INFO     | ================================================================================
2026-04-11 07:25:25 | INFO     | [save_results] STARTING ... (Memory: 2017.9 MB)
2026-04-11 07:25:31 | INFO     | ✓ Results saved to weibo_result_data.txt
2026-04-11 07:25:31 | INFO     | [save_results] ✓ DONE Time: 5.67s (Memory: 2018.0 MB)
2026-04-11 07:25:31 | INFO     | 
================================================================================
2026-04-11 07:25:31 | INFO     | ✓ PIPELINE COMPLETED SUCCESSFULLY
2026-04-11 07:25:31 | INFO     | ================================================================================
